d:\programming projects\minesweeper_az\minecreeper2\x64\debug\vc143.pdb
d:\programming projects\minesweeper_az\minecreeper2\x64\debug\.netframework,version=v4.7.2.assemblyattributes.obj
d:\programming projects\minesweeper_az\minecreeper2\x64\debug\texture_manager.obj
d:\programming projects\minesweeper_az\minecreeper2\x64\debug\main.obj
d:\programming projects\minesweeper_az\minecreeper2\x64\debug\cell.obj
d:\programming projects\minesweeper_az\minecreeper2\x64\debug\board.obj
d:\programming projects\minesweeper_az\minecreeper2\x64\debug\minecreeper2.vcxproj.assemblyreference.cache
d:\programming projects\minesweeper_az\x64\debug\minecreeper2.pdb
d:\programming projects\minesweeper_az\minecreeper2\x64\debug\minecreeper2.tlog\cl.command.1.tlog
d:\programming projects\minesweeper_az\minecreeper2\x64\debug\minecreeper2.tlog\cl.read.1.tlog
d:\programming projects\minesweeper_az\minecreeper2\x64\debug\minecreeper2.tlog\cl.write.1.tlog
d:\programming projects\minesweeper_az\minecreeper2\x64\debug\minecreeper2.tlog\link.89012-cvtres.read.1.tlog
d:\programming projects\minesweeper_az\minecreeper2\x64\debug\minecreeper2.tlog\link.89012-cvtres.write.1.tlog
d:\programming projects\minesweeper_az\minecreeper2\x64\debug\minecreeper2.tlog\link.89012-mt.read.1.tlog
d:\programming projects\minesweeper_az\minecreeper2\x64\debug\minecreeper2.tlog\link.89012-mt.write.1.tlog
d:\programming projects\minesweeper_az\minecreeper2\x64\debug\minecreeper2.tlog\link.89012-rc.read.1.tlog
d:\programming projects\minesweeper_az\minecreeper2\x64\debug\minecreeper2.tlog\link.89012-rc.write.1.tlog
d:\programming projects\minesweeper_az\minecreeper2\x64\debug\minecreeper2.tlog\link.89012.read.1.tlog
d:\programming projects\minesweeper_az\minecreeper2\x64\debug\minecreeper2.tlog\link.89012.read.2.tlog
d:\programming projects\minesweeper_az\minecreeper2\x64\debug\minecreeper2.tlog\link.89012.read.3.tlog
d:\programming projects\minesweeper_az\minecreeper2\x64\debug\minecreeper2.tlog\link.89012.read.4.tlog
d:\programming projects\minesweeper_az\minecreeper2\x64\debug\minecreeper2.tlog\link.89012.read.5.tlog
d:\programming projects\minesweeper_az\minecreeper2\x64\debug\minecreeper2.tlog\link.89012.write.1.tlog
d:\programming projects\minesweeper_az\minecreeper2\x64\debug\minecreeper2.tlog\link.command.1.tlog
d:\programming projects\minesweeper_az\minecreeper2\x64\debug\minecreeper2.tlog\link.read.1.tlog
d:\programming projects\minesweeper_az\minecreeper2\x64\debug\minecreeper2.tlog\link.read.2.tlog
d:\programming projects\minesweeper_az\minecreeper2\x64\debug\minecreeper2.tlog\link.read.3.tlog
d:\programming projects\minesweeper_az\minecreeper2\x64\debug\minecreeper2.tlog\link.read.4.tlog
d:\programming projects\minesweeper_az\minecreeper2\x64\debug\minecreeper2.tlog\link.read.5.tlog
d:\programming projects\minesweeper_az\minecreeper2\x64\debug\minecreeper2.tlog\link.write.1.tlog
d:\programming projects\minesweeper_az\minecreeper2\x64\debug\minecreeper2.tlog\metagen.read.1.tlog
d:\programming projects\minesweeper_az\minecreeper2\x64\debug\minecreeper2.tlog\metagen.write.1.tlog
